// Jest Snapshot v1, https://goo.gl/fbAQLP

exports[`<DashboardPage /> should render and match the snapshot 1`] = `
<h1>
  <span>
    This is the DashboardPage container!
  </span>
</h1>
`;
